(---------------------------------------------------------------------)
(                                                                     )
(    CREATE SYMBOL                                                    )
(                                                                     )
(    Drawing          : TEST.dra                                      )
(    Software Version : 16.6P004                                      )
(    Date/Time        : Mon Nov 23 22:23:24 2020                      )
(                                                                     )
(---------------------------------------------------------------------)


Create Symbol of type: PACKAGE
    Directory = C:/SPB_Data
    Name      = test.psm
    User      = pc
    Machine   = DESKTOP-5UN1GKS


Create symbol started.
 

Create symbol completed.

